Archive member included to satisfy reference by file (symbol)

c:/program files (x86)/gnu tools arm embedded/5.3 2016q1/bin/../lib/gcc/arm-none-eabi/5.3.1/../../../../arm-none-eabi/lib/armv7e-m\libg_nano.a(lib_a-errno.o)
                              ./system/src/newlib/_sbrk.o (__errno)
c:/program files (x86)/gnu tools arm embedded/5.3 2016q1/bin/../lib/gcc/arm-none-eabi/5.3.1/../../../../arm-none-eabi/lib/armv7e-m\libg_nano.a(lib_a-impure.o)
                              c:/program files (x86)/gnu tools arm embedded/5.3 2016q1/bin/../lib/gcc/arm-none-eabi/5.3.1/../../../../arm-none-eabi/lib/armv7e-m\libg_nano.a(lib_a-errno.o) (_impure_ptr)
c:/program files (x86)/gnu tools arm embedded/5.3 2016q1/bin/../lib/gcc/arm-none-eabi/5.3.1/../../../../arm-none-eabi/lib/armv7e-m\libg_nano.a(lib_a-memcpy-stub.o)
                              ./src/main.o (memcpy)
c:/program files (x86)/gnu tools arm embedded/5.3 2016q1/bin/../lib/gcc/arm-none-eabi/5.3.1/../../../../arm-none-eabi/lib/armv7e-m\libg_nano.a(lib_a-strlen.o)
                              ./system/src/diag/Trace.o (strlen)
c:/program files (x86)/gnu tools arm embedded/5.3 2016q1/bin/../lib/gcc/arm-none-eabi/5.3.1/../../../../arm-none-eabi/lib/armv7e-m\libg_nano.a(lib_a-vsnprintf.o)
                              ./system/src/diag/Trace.o (vsnprintf)
c:/program files (x86)/gnu tools arm embedded/5.3 2016q1/bin/../lib/gcc/arm-none-eabi/5.3.1/../../../../arm-none-eabi/lib/armv7e-m\libg_nano.a(lib_a-nano-svfprintf.o)
                              c:/program files (x86)/gnu tools arm embedded/5.3 2016q1/bin/../lib/gcc/arm-none-eabi/5.3.1/../../../../arm-none-eabi/lib/armv7e-m\libg_nano.a(lib_a-vsnprintf.o) (_svfprintf_r)
c:/program files (x86)/gnu tools arm embedded/5.3 2016q1/bin/../lib/gcc/arm-none-eabi/5.3.1/../../../../arm-none-eabi/lib/armv7e-m\libg_nano.a(lib_a-nano-vfprintf_i.o)
                              c:/program files (x86)/gnu tools arm embedded/5.3 2016q1/bin/../lib/gcc/arm-none-eabi/5.3.1/../../../../arm-none-eabi/lib/armv7e-m\libg_nano.a(lib_a-nano-svfprintf.o) (_printf_i)
c:/program files (x86)/gnu tools arm embedded/5.3 2016q1/bin/../lib/gcc/arm-none-eabi/5.3.1/../../../../arm-none-eabi/lib/armv7e-m\libg_nano.a(lib_a-memchr.o)
                              c:/program files (x86)/gnu tools arm embedded/5.3 2016q1/bin/../lib/gcc/arm-none-eabi/5.3.1/../../../../arm-none-eabi/lib/armv7e-m\libg_nano.a(lib_a-nano-svfprintf.o) (memchr)
c:/program files (x86)/gnu tools arm embedded/5.3 2016q1/bin/../lib/gcc/arm-none-eabi/5.3.1/../../../../arm-none-eabi/lib/armv7e-m\libg_nano.a(lib_a-memmove.o)
                              c:/program files (x86)/gnu tools arm embedded/5.3 2016q1/bin/../lib/gcc/arm-none-eabi/5.3.1/../../../../arm-none-eabi/lib/armv7e-m\libg_nano.a(lib_a-nano-svfprintf.o) (memmove)
c:/program files (x86)/gnu tools arm embedded/5.3 2016q1/bin/../lib/gcc/arm-none-eabi/5.3.1/../../../../arm-none-eabi/lib/armv7e-m\libg_nano.a(lib_a-nano-freer.o)
                              c:/program files (x86)/gnu tools arm embedded/5.3 2016q1/bin/../lib/gcc/arm-none-eabi/5.3.1/../../../../arm-none-eabi/lib/armv7e-m\libg_nano.a(lib_a-nano-svfprintf.o) (_free_r)
c:/program files (x86)/gnu tools arm embedded/5.3 2016q1/bin/../lib/gcc/arm-none-eabi/5.3.1/../../../../arm-none-eabi/lib/armv7e-m\libg_nano.a(lib_a-nano-mallocr.o)
                              c:/program files (x86)/gnu tools arm embedded/5.3 2016q1/bin/../lib/gcc/arm-none-eabi/5.3.1/../../../../arm-none-eabi/lib/armv7e-m\libg_nano.a(lib_a-nano-svfprintf.o) (_malloc_r)
c:/program files (x86)/gnu tools arm embedded/5.3 2016q1/bin/../lib/gcc/arm-none-eabi/5.3.1/../../../../arm-none-eabi/lib/armv7e-m\libg_nano.a(lib_a-nano-reallocr.o)
                              c:/program files (x86)/gnu tools arm embedded/5.3 2016q1/bin/../lib/gcc/arm-none-eabi/5.3.1/../../../../arm-none-eabi/lib/armv7e-m\libg_nano.a(lib_a-nano-svfprintf.o) (_realloc_r)
c:/program files (x86)/gnu tools arm embedded/5.3 2016q1/bin/../lib/gcc/arm-none-eabi/5.3.1/../../../../arm-none-eabi/lib/armv7e-m\libg_nano.a(lib_a-sbrkr.o)
                              c:/program files (x86)/gnu tools arm embedded/5.3 2016q1/bin/../lib/gcc/arm-none-eabi/5.3.1/../../../../arm-none-eabi/lib/armv7e-m\libg_nano.a(lib_a-nano-mallocr.o) (_sbrk_r)
c:/program files (x86)/gnu tools arm embedded/5.3 2016q1/bin/../lib/gcc/arm-none-eabi/5.3.1/../../../../arm-none-eabi/lib/armv7e-m\libg_nano.a(lib_a-nano-msizer.o)
                              c:/program files (x86)/gnu tools arm embedded/5.3 2016q1/bin/../lib/gcc/arm-none-eabi/5.3.1/../../../../arm-none-eabi/lib/armv7e-m\libg_nano.a(lib_a-nano-reallocr.o) (_malloc_usable_size_r)

Allocating common symbols
Common symbol       size              file

hsdram              0x34              ./src/main.o
StartTime           0x4               ./src/main.o
EndTime             0x4               ./src/main.o
errno               0x4               ./system/src/newlib/_syscalls.o
[...]
Memory Configuration

Name             Origin             Length             Attributes
RAM              0x20000000         0x00030000         xrw
CCMRAM           0x10000000         0x00010000         xrw
FLASH            0x08000000         0x00200000         xr
FLASHB1          0x00000000         0x00000000         xr
EXTMEMB0         0x00000000         0x00000000         xr
EXTMEMB1         0x00000000         0x00000000         xr
EXTMEMB2         0x00000000         0x00000000         xr
EXTMEMB3         0x00000000         0x00000000         xr
MEMORY_ARRAY     0x20002000         0x00000020         xrw
*default*        0x00000000         0xffffffff

Linker script and memory map

LOAD ./system/src/stm32f4-hal/stm32f4xx_hal.o
LOAD ./system/src/stm32f4-hal/stm32f4xx_hal_cortex.o
LOAD ./system/src/stm32f4-hal/stm32f4xx_hal_flash.o
LOAD ./system/src/stm32f4-hal/stm32f4xx_hal_gpio.o
LOAD ./system/src/stm32f4-hal/stm32f4xx_hal_iwdg.o
LOAD ./system/src/stm32f4-hal/stm32f4xx_hal_pwr.o
LOAD ./system/src/stm32f4-hal/stm32f4xx_hal_rcc.o
LOAD ./system/src/stm32f4-hal/stm32f4xx_hal_sdram.o
LOAD ./system/src/stm32f4-hal/stm32f4xx_hal_uart.o
LOAD ./system/src/stm32f4-hal/stm32f4xx_ll_fmc.o
LOAD ./system/src/newlib/_cxx.o
LOAD ./system/src/newlib/_exit.o
LOAD ./system/src/newlib/_sbrk.o
LOAD ./system/src/newlib/_startup.o
LOAD ./system/src/newlib/_syscalls.o
LOAD ./system/src/newlib/assert.o
LOAD ./system/src/diag/Trace.o
LOAD ./system/src/diag/trace_impl.o
LOAD ./system/src/cortexm/_initialize_hardware.o
LOAD ./system/src/cortexm/_reset_hardware.o
LOAD ./system/src/cortexm/exception_handlers.o
LOAD ./system/src/cmsis/system_stm32f4xx.o
LOAD ./system/src/cmsis/vectors_stm32f429xx.o
LOAD ./src/_initialize_hardware.o
LOAD ./src/_write.o
LOAD ./src/main.o
LOAD ./src/stm32f429i_discovery.o
LOAD ./src/stm32f4xx_hal_msp.o
LOAD ./src/stm32f4xx_it.o
LOAD c:/program files (x86)/gnu tools arm embedded/5.3 2016q1/bin/../lib/gcc/arm-none-eabi/5.3.1/../../../../arm-none-eabi/lib/armv7e-m\libstdc++_nano.a
LOAD c:/program files (x86)/gnu tools arm embedded/5.3 2016q1/bin/../lib/gcc/arm-none-eabi/5.3.1/../../../../arm-none-eabi/lib/armv7e-m\libm.a
START GROUP
LOAD c:/program files (x86)/gnu tools arm embedded/5.3 2016q1/bin/../lib/gcc/arm-none-eabi/5.3.1/armv7e-m\libgcc.a
LOAD c:/program files (x86)/gnu tools arm embedded/5.3 2016q1/bin/../lib/gcc/arm-none-eabi/5.3.1/../../../../arm-none-eabi/lib/armv7e-m\libg_nano.a
LOAD c:/program files (x86)/gnu tools arm embedded/5.3 2016q1/bin/../lib/gcc/arm-none-eabi/5.3.1/../../../../arm-none-eabi/lib/armv7e-m\libc_nano.a
END GROUP
START GROUP
LOAD c:/program files (x86)/gnu tools arm embedded/5.3 2016q1/bin/../lib/gcc/arm-none-eabi/5.3.1/armv7e-m\libgcc.a
LOAD c:/program files (x86)/gnu tools arm embedded/5.3 2016q1/bin/../lib/gcc/arm-none-eabi/5.3.1/../../../../arm-none-eabi/lib/armv7e-m\libc_nano.a
END GROUP
                0x20030000                __stack = (ORIGIN (RAM) + LENGTH (RAM))
                0x20030000                _estack = __stack
                0x00000400                __Main_Stack_Size = 0x400
                [!provide]                PROVIDE (_Main_Stack_Size, __Main_Stack_Size)
                0x2002fc00                __Main_Stack_Limit = (__stack - __Main_Stack_Size)
                [!provide]                PROVIDE (_Main_Stack_Limit, __Main_Stack_Limit)
                0x00000100                _Minimum_Stack_Size = 0x100
                0x200001dc                PROVIDE (_Heap_Begin, _end_noinit)
                0x2002fc00                PROVIDE (_Heap_Limit, (__stack - __Main_Stack_Size))

.isr_vector     0x08000000      0x3e4
 FILL mask 0xff
                0x08000000                __vectors_start = ABSOLUTE (.)
                0x08000000                __vectors_start__ = ABSOLUTE (.)
 *(.isr_vector)
 .isr_vector    0x08000000      0x1ac ./system/src/cmsis/vectors_stm32f429xx.o
                0x08000000                __isr_vectors
 *(.cfmconfig)
 *(.after_vectors .after_vectors.*)
 .after_vectors
                0x080001ac      0x130 ./system/src/newlib/_startup.o
                0x080001ac                _start
 .after_vectors
                0x080002dc      0x104 ./system/src/cortexm/exception_handlers.o
                0x080002dc                Reset_Handler
                0x080002fc                HardFault_Handler_C
                0x08000348                BusFault_Handler_C
                0x08000390                UsageFault_Handler_C
 .after_vectors
                0x080003e0        0x4 ./system/src/cmsis/vectors_stm32f429xx.o
                0x080003e0                RTC_Alarm_IRQHandler
                0x080003e0                HASH_RNG_IRQHandler
                0x080003e0                EXTI2_IRQHandler
                0x080003e0                TIM8_CC_IRQHandler
                0x080003e0                UART8_IRQHandler
                0x080003e0                SPI4_IRQHandler
                0x080003e0                TIM1_CC_IRQHandler
                0x080003e0                DMA2_Stream5_IRQHandler
                0x080003e0                DMA1_Stream5_IRQHandler
                0x080003e0                PVD_IRQHandler
                0x080003e0                SDIO_IRQHandler
                0x080003e0                TAMP_STAMP_IRQHandler
                0x080003e0                CAN2_RX1_IRQHandler
                0x080003e0                EXTI3_IRQHandler
                0x080003e0                TIM8_TRG_COM_TIM14_IRQHandler
                0x080003e0                TIM1_UP_TIM10_IRQHandler
                0x080003e0                TIM8_UP_TIM13_IRQHandler
                0x080003e0                I2C3_ER_IRQHandler
                0x080003e0                EXTI0_IRQHandler
                0x080003e0                I2C2_EV_IRQHandler
                0x080003e0                DMA1_Stream2_IRQHandler
                0x080003e0                CAN1_RX0_IRQHandler
                0x080003e0                FPU_IRQHandler
                0x080003e0                OTG_HS_WKUP_IRQHandler
                0x080003e0                LTDC_ER_IRQHandler
                0x080003e0                CAN2_SCE_IRQHandler
                0x080003e0                DMA2_Stream2_IRQHandler
                0x080003e0                SPI1_IRQHandler
                0x080003e0                TIM6_DAC_IRQHandler
                0x080003e0                TIM1_BRK_TIM9_IRQHandler
                0x080003e0                DCMI_IRQHandler
                0x080003e0                CAN2_RX0_IRQHandler
                0x080003e0                DMA2_Stream3_IRQHandler
                0x080003e0                USART6_IRQHandler
                0x080003e0                USART3_IRQHandler
                0x080003e0                CAN1_RX1_IRQHandler
                0x080003e0                UART5_IRQHandler
                0x080003e0                DMA2_Stream0_IRQHandler
                0x080003e0                TIM4_IRQHandler
                0x080003e0                I2C1_EV_IRQHandler
                0x080003e0                DMA1_Stream6_IRQHandler
                0x080003e0                DMA1_Stream1_IRQHandler
                0x080003e0                UART4_IRQHandler
                0x080003e0                TIM3_IRQHandler
                0x080003e0                RCC_IRQHandler
                0x080003e0                TIM8_BRK_TIM12_IRQHandler
                0x080003e0                Default_Handler
                0x080003e0                EXTI15_10_IRQHandler
                0x080003e0                ADC_IRQHandler
                0x080003e0                DMA1_Stream7_IRQHandler
                0x080003e0                SPI5_IRQHandler
                0x080003e0                TIM7_IRQHandler
                0x080003e0                CAN2_TX_IRQHandler
                0x080003e0                TIM5_IRQHandler
                0x080003e0                DMA2_Stream7_IRQHandler
                0x080003e0                I2C3_EV_IRQHandler
                0x080003e0                EXTI9_5_IRQHandler
                0x080003e0                RTC_WKUP_IRQHandler
                0x080003e0                LTDC_IRQHandler
                0x080003e0                ETH_WKUP_IRQHandler
                0x080003e0                SPI2_IRQHandler
                0x080003e0                OTG_HS_EP1_IN_IRQHandler
                0x080003e0                DMA1_Stream0_IRQHandler
                0x080003e0                CAN1_TX_IRQHandler
                0x080003e0                EXTI4_IRQHandler
                0x080003e0                ETH_IRQHandler
                0x080003e0                OTG_HS_EP1_OUT_IRQHandler
                0x080003e0                WWDG_IRQHandler
                0x080003e0                SPI6_IRQHandler
                0x080003e0                TIM2_IRQHandler
                0x080003e0                OTG_FS_WKUP_IRQHandler
                0x080003e0                TIM1_TRG_COM_TIM11_IRQHandler
                0x080003e0                OTG_HS_IRQHandler
                0x080003e0                DMA2D_IRQHandler
                0x080003e0                EXTI1_IRQHandler
                0x080003e0                UART7_IRQHandler
                0x080003e0                USART2_IRQHandler
                0x080003e0                I2C2_ER_IRQHandler
                0x080003e0                DMA2_Stream1_IRQHandler
                0x080003e0                CAN1_SCE_IRQHandler
                0x080003e0                FLASH_IRQHandler
                0x080003e0                DMA2_Stream4_IRQHandler
                0x080003e0                OTG_FS_IRQHandler
                0x080003e0                SPI3_IRQHandler
                0x080003e0                DMA1_Stream4_IRQHandler
                0x080003e0                I2C1_ER_IRQHandler
                0x080003e0                FMC_IRQHandler
                0x080003e0                DMA2_Stream6_IRQHandler
                0x080003e0                SAI1_IRQHandler
                0x080003e0                DMA1_Stream3_IRQHandler

.inits          0x080003e4       0x28
                0x080003e4                __data_regions_array_start = .
                0x080003e4        0x4 LONG 0x80032e0 LOADADDR (.data)
                0x080003e8        0x4 LONG 0x20000000 ADDR (.data)
                0x080003ec        0x4 LONG 0x20000080 (ADDR (.data) + SIZEOF (.data))
                0x080003f0        0x4 LONG 0x80032e0 LOADADDR (.data_CCMRAM)
                0x080003f4        0x4 LONG 0x10000000 ADDR (.data_CCMRAM)
                0x080003f8        0x4 LONG 0x10000000 (ADDR (.data_CCMRAM) + SIZEOF (.data_CCMRAM))
                0x080003fc                __data_regions_array_end = .
                0x080003fc                __bss_regions_array_start = .
                0x080003fc        0x4 LONG 0x20000080 ADDR (.bss)
                0x08000400        0x4 LONG 0x200001dc (ADDR (.bss) + SIZEOF (.bss))
                0x08000404        0x4 LONG 0x10000000 ADDR (.bss_CCMRAM)
                0x08000408        0x4 LONG 0x10000000 (ADDR (.bss_CCMRAM) + SIZEOF (.bss_CCMRAM))
                0x0800040c                __bss_regions_array_end = .
 *(.init)
 *(.fini)
                0x0800040c                . = ALIGN (0x4)
                0x0800040c                PROVIDE (__preinit_array_start, .)
 *(.preinit_array_sysinit .preinit_array_sysinit.*)
 *(.preinit_array_platform .preinit_array_platform.*)
 *(.preinit_array .preinit_array.*)
                0x0800040c                PROVIDE (__preinit_array_end, .)
                0x0800040c                . = ALIGN (0x4)
                0x0800040c                PROVIDE (__init_array_start, .)
 *(SORT(.init_array.*))
 *(.init_array)
                0x0800040c                PROVIDE (__init_array_end, .)
                0x0800040c                . = ALIGN (0x4)
                0x0800040c                PROVIDE (__fini_array_start, .)
 *(SORT(.fini_array.*))
 *(.fini_array)
                0x0800040c                PROVIDE (__fini_array_end, .)

.flashtext
 *(.flashtext .flashtext.*)

.text           0x08000410     0x2ecd
 *(.text .text.*)
 .text.HAL_InitTick
                0x08000410       0x28 ./system/src/stm32f4-hal/stm32f4xx_hal.o
                0x08000410                HAL_InitTick
 .text.HAL_Init
                0x08000438       0x34 ./system/src/stm32f4-hal/stm32f4xx_hal.o
                0x08000438                HAL_Init
 .text.HAL_IncTick
                0x0800046c       0x10 ./system/src/stm32f4-hal/stm32f4xx_hal.o
                0x0800046c                HAL_IncTick
 .text.HAL_GetTick
                0x0800047c        0xc ./system/src/stm32f4-hal/stm32f4xx_hal.o
                0x0800047c                HAL_GetTick
 .text.HAL_Delay
                0x08000488       0x1c ./system/src/stm32f4-hal/stm32f4xx_hal.o
                0x08000488                HAL_Delay
 .text.HAL_NVIC_SetPriorityGrouping
                0x080004a4       0x3c ./system/src/stm32f4-hal/stm32f4xx_hal_cortex.o
                0x080004a4                HAL_NVIC_SetPriorityGrouping
 .text.HAL_NVIC_SetPriority
                0x080004e0       0x84 ./system/src/stm32f4-hal/stm32f4xx_hal_cortex.o
                0x080004e0                HAL_NVIC_SetPriority
 .text.HAL_NVIC_EnableIRQ
                0x08000564       0x2c ./system/src/stm32f4-hal/stm32f4xx_hal_cortex.o
                0x08000564                HAL_NVIC_EnableIRQ
 .text.HAL_SYSTICK_Config
                0x08000590       0x2c ./system/src/stm32f4-hal/stm32f4xx_hal_cortex.o
                0x08000590                HAL_SYSTICK_Config
 .text.HAL_SYSTICK_CLKSourceConfig
                0x080005bc       0x38 ./system/src/stm32f4-hal/stm32f4xx_hal_cortex.o
                0x080005bc                HAL_SYSTICK_CLKSourceConfig
 .text.HAL_GPIO_Init
                0x080005f4      0x368 ./system/src/stm32f4-hal/stm32f4xx_hal_gpio.o
                0x080005f4                HAL_GPIO_Init
 .text.HAL_GPIO_WritePin
                0x0800095c       0x34 ./system/src/stm32f4-hal/stm32f4xx_hal_gpio.o
                0x0800095c                HAL_GPIO_WritePin
 .text.HAL_GPIO_TogglePin
                0x08000990       0x20 ./system/src/stm32f4-hal/stm32f4xx_hal_gpio.o
                0x08000990                HAL_GPIO_TogglePin
 .text.HAL_RCC_OscConfig
                0x080009b0      0x448 ./system/src/stm32f4-hal/stm32f4xx_hal_rcc.o
                0x080009b0                HAL_RCC_OscConfig
 .text.HAL_RCC_ClockConfig
                0x08000df8      0x22c ./system/src/stm32f4-hal/stm32f4xx_hal_rcc.o
                0x08000df8                HAL_RCC_ClockConfig
 .text.HAL_RCC_GetSysClockFreq
                0x08001024       0xa0 ./system/src/stm32f4-hal/stm32f4xx_hal_rcc.o
                0x08001024                HAL_RCC_GetSysClockFreq
 .text.HAL_RCC_GetHCLKFreq
                0x080010c4       0x34 ./system/src/stm32f4-hal/stm32f4xx_hal_rcc.o
                0x080010c4                HAL_RCC_GetHCLKFreq
 .text.HAL_RCC_GetPCLK1Freq
                0x080010f8       0x30 ./system/src/stm32f4-hal/stm32f4xx_hal_rcc.o
                0x080010f8                HAL_RCC_GetPCLK1Freq
 .text.HAL_RCC_GetPCLK2Freq
                0x08001128       0x30 ./system/src/stm32f4-hal/stm32f4xx_hal_rcc.o
                0x08001128                HAL_RCC_GetPCLK2Freq
 .text.HAL_SDRAM_Init
                0x08001158       0x44 ./system/src/stm32f4-hal/stm32f4xx_hal_sdram.o
                0x08001158                HAL_SDRAM_Init
 .text.HAL_SDRAM_SendCommand
                0x0800119c       0x3c ./system/src/stm32f4-hal/stm32f4xx_hal_sdram.o
                0x0800119c                HAL_SDRAM_SendCommand
 .text.HAL_SDRAM_ProgramRefreshRate
                0x080011d8       0x28 ./system/src/stm32f4-hal/stm32f4xx_hal_sdram.o
                0x080011d8                HAL_SDRAM_ProgramRefreshRate
 .text.UART_Transmit_IT
                0x08001200       0x68 ./system/src/stm32f4-hal/stm32f4xx_hal_uart.o
 .text.UART_SetConfig
                0x08001268      0x390 ./system/src/stm32f4-hal/stm32f4xx_hal_uart.o
 .text.UART_WaitOnFlagUntilTimeout
                0x080015f8       0xdc ./system/src/stm32f4-hal/stm32f4xx_hal_uart.o
 .text.HAL_UART_Init
                0x080016d4      0x130 ./system/src/stm32f4-hal/stm32f4xx_hal_uart.o
                0x080016d4                HAL_UART_Init
 .text.HAL_UART_Transmit
                0x08001804       0xc0 ./system/src/stm32f4-hal/stm32f4xx_hal_uart.o
                0x08001804                HAL_UART_Transmit
 .text.HAL_UART_Receive_IT
                0x080018c4       0x64 ./system/src/stm32f4-hal/stm32f4xx_hal_uart.o
                0x080018c4                HAL_UART_Receive_IT
 .text.HAL_UART_TxCpltCallback
                0x08001928        0x4 ./system/src/stm32f4-hal/stm32f4xx_hal_uart.o
                0x08001928                HAL_UART_TxCpltCallback
 .text.UART_EndTransmit_IT
                0x0800192c       0x1c ./system/src/stm32f4-hal/stm32f4xx_hal_uart.o
 .text.UART_Receive_IT
                0x08001948       0x9c ./system/src/stm32f4-hal/stm32f4xx_hal_uart.o
 .text.HAL_UART_ErrorCallback
                0x080019e4        0x4 ./system/src/stm32f4-hal/stm32f4xx_hal_uart.o
                0x080019e4                HAL_UART_ErrorCallback
 .text.HAL_UART_IRQHandler
                0x080019e8      0x100 ./system/src/stm32f4-hal/stm32f4xx_hal_uart.o
                0x080019e8                HAL_UART_IRQHandler
 .text.FMC_SDRAM_Init
                0x08001ae8      0x16c ./system/src/stm32f4-hal/stm32f4xx_ll_fmc.o
                0x08001ae8                FMC_SDRAM_Init
 .text.FMC_SDRAM_Timing_Init
                0x08001c54      0x13c ./system/src/stm32f4-hal/stm32f4xx_ll_fmc.o
                0x08001c54                FMC_SDRAM_Timing_Init
 .text.FMC_SDRAM_SendCommand
                0x08001d90       0xbc ./system/src/stm32f4-hal/stm32f4xx_ll_fmc.o
                0x08001d90                FMC_SDRAM_SendCommand
 .text.FMC_SDRAM_ProgramRefreshRate
                0x08001e4c       0x3c ./system/src/stm32f4-hal/stm32f4xx_ll_fmc.o
                0x08001e4c                FMC_SDRAM_ProgramRefreshRate
 .text._exit    0x08001e88        0x4 ./system/src/newlib/_exit.o
                0x08001e88                _exit
 .text.abort    0x08001e8c       0x14 ./system/src/newlib/_exit.o
                0x08001e8c                abort
 .text._sbrk    0x08001ea0       0x44 ./system/src/newlib/_sbrk.o
                0x08001ea0                _sbrk
 .text.__initialize_args
                0x08001ee4       0x10 ./system/src/newlib/_syscalls.o
                0x08001ee4                __initialize_args
 .text.assert_failed
                0x08001ef4       0x14 ./system/src/newlib/assert.o
                0x08001ef4                assert_failed
 .text.trace_printf
                0x08001f08       0x30 ./system/src/diag/Trace.o
                0x08001f08                trace_printf
 .text.trace_puts
                0x08001f38       0x20 ./system/src/diag/Trace.o
                0x08001f38                trace_puts
 .text._trace_write_itm
                0x08001f58       0x48 ./system/src/diag/trace_impl.o
 .text.trace_write
                0x08001fa0        0x8 ./system/src/diag/trace_impl.o
                0x08001fa0                trace_write
 .text.__initialize_hardware_early
                0x08001fa8       0x18 ./system/src/cortexm/_initialize_hardware.o
                0x08001fa8                __initialize_hardware_early
 .text.dumpExceptionStack
                0x08001fc0       0xf0 ./system/src/cortexm/exception_handlers.o
                0x08001fc0                dumpExceptionStack
 .text.SystemInit
                0x080020b0       0x40 ./system/src/cmsis/system_stm32f4xx.o
                0x080020b0                SystemInit
 .text.SystemCoreClockUpdate
                0x080020f0       0xa0 ./system/src/cmsis/system_stm32f4xx.o
                0x080020f0                SystemCoreClockUpdate
 .text.SystemClock_Config
                0x08002190       0x9c ./src/_initialize_hardware.o
                0x08002190                SystemClock_Config
 .text.__initialize_hardware
                0x0800222c       0x10 ./src/_initialize_hardware.o
                0x0800222c                __initialize_hardware
 .text.SDRAM_Initialization_Sequence
                0x0800223c       0x88 ./src/main.o
 .text.tled_init
                0x080022c4       0x10 ./src/main.o
                0x080022c4                tled_init
 .text.SDRAM_Refresh
                0x080022d4       0x20 ./src/main.o
                0x080022d4                SDRAM_Refresh
 .text.main     0x080022f4       0xf8 ./src/main.o
                0x080022f4                main
 .text.HAL_UART_RxCpltCallback
                0x080023ec       0x3c ./src/main.o
                0x080023ec                HAL_UART_RxCpltCallback
 .text.BSP_LED_Init
                0x08002428       0x78 ./src/stm32f429i_discovery.o
                0x08002428                BSP_LED_Init
 .text.BSP_LED_Toggle
                0x080024a0       0x1c ./src/stm32f429i_discovery.o
                0x080024a0                BSP_LED_Toggle
 .text.HAL_MspInit
                0x080024bc        0x4 ./src/stm32f4xx_hal_msp.o
                0x080024bc                HAL_MspInit
 .text.HAL_SDRAM_MspInit
                0x080024c0      0x114 ./src/stm32f4xx_hal_msp.o
                0x080024c0                HAL_SDRAM_MspInit
 .text.HAL_UART_MspInit
                0x080025d4       0x8c ./src/stm32f4xx_hal_msp.o
                0x080025d4                HAL_UART_MspInit
 .text.NMI_Handler
                0x08002660        0x4 ./src/stm32f4xx_it.o
                0x08002660                NMI_Handler
 .text.HardFault_Handler
                0x08002664        0x4 ./src/stm32f4xx_it.o
                0x08002664                HardFault_Handler
 .text.MemManage_Handler
                0x08002668        0x4 ./src/stm32f4xx_it.o
                0x08002668                MemManage_Handler
 .text.BusFault_Handler
                0x0800266c        0x4 ./src/stm32f4xx_it.o
                0x0800266c                BusFault_Handler
 .text.UsageFault_Handler
                0x08002670        0x4 ./src/stm32f4xx_it.o
                0x08002670                UsageFault_Handler
 .text.SVC_Handler
                0x08002674        0x4 ./src/stm32f4xx_it.o
                0x08002674                SVC_Handler
 .text.DebugMon_Handler
                0x08002678        0x4 ./src/stm32f4xx_it.o
                0x08002678                DebugMon_Handler
 .text.PendSV_Handler
                0x0800267c        0x4 ./src/stm32f4xx_it.o
                0x0800267c                PendSV_Handler
 .text.SysTick_Handler
                0x08002680        0x8 ./src/stm32f4xx_it.o
                0x08002680                SysTick_Handler
 .text.USART1_IRQHandler
                0x08002688       0x10 ./src/stm32f4xx_it.o
                0x08002688                USART1_IRQHandler
 .text.__errno  0x08002698        0xc c:/program files (x86)/gnu tools arm embedded/5.3 2016q1/bin/../lib/gcc/arm-none-eabi/5.3.1/../../../../arm-none-eabi/lib/armv7e-m\libg_nano.a(lib_a-errno.o)
                0x08002698                __errno
 .text.memcpy   0x080026a4       0x16 c:/program files (x86)/gnu tools arm embedded/5.3 2016q1/bin/../lib/gcc/arm-none-eabi/5.3.1/../../../../arm-none-eabi/lib/armv7e-m\libg_nano.a(lib_a-memcpy-stub.o)
                0x080026a4                memcpy
 .text          0x080026ba       0x10 c:/program files (x86)/gnu tools arm embedded/5.3 2016q1/bin/../lib/gcc/arm-none-eabi/5.3.1/../../../../arm-none-eabi/lib/armv7e-m\libg_nano.a(lib_a-strlen.o)
                0x080026ba                strlen
 .text._vsnprintf_r
                0x080026ca       0x56 c:/program files (x86)/gnu tools arm embedded/5.3 2016q1/bin/../lib/gcc/arm-none-eabi/5.3.1/../../../../arm-none-eabi/lib/armv7e-m\libg_nano.a(lib_a-vsnprintf.o)
                0x080026ca                _vsniprintf_r
                0x080026ca                _vsnprintf_r
 .text.vsnprintf
                0x08002720       0x1c c:/program files (x86)/gnu tools arm embedded/5.3 2016q1/bin/../lib/gcc/arm-none-eabi/5.3.1/../../../../arm-none-eabi/lib/armv7e-m\libg_nano.a(lib_a-vsnprintf.o)
                0x08002720                vsniprintf
                0x08002720                vsnprintf
 .text.__ssputs_r
                0x0800273c       0xb2 c:/program files (x86)/gnu tools arm embedded/5.3 2016q1/bin/../lib/gcc/arm-none-eabi/5.3.1/../../../../arm-none-eabi/lib/armv7e-m\libg_nano.a(lib_a-nano-svfprintf.o)
                0x0800273c                __ssputs_r
 *fill*         0x080027ee        0x2 
 .text._svfprintf_r
                0x080027f0      0x1e8 c:/program files (x86)/gnu tools arm embedded/5.3 2016q1/bin/../lib/gcc/arm-none-eabi/5.3.1/../../../../arm-none-eabi/lib/armv7e-m\libg_nano.a(lib_a-nano-svfprintf.o)
                0x080027f0                _svfiprintf_r
                0x080027f0                _svfprintf_r
 .text._printf_common
                0x080029d8       0xec c:/program files (x86)/gnu tools arm embedded/5.3 2016q1/bin/../lib/gcc/arm-none-eabi/5.3.1/../../../../arm-none-eabi/lib/armv7e-m\libg_nano.a(lib_a-nano-vfprintf_i.o)
                0x080029d8                _printf_common
 .text._printf_i
                0x08002ac4      0x24c c:/program files (x86)/gnu tools arm embedded/5.3 2016q1/bin/../lib/gcc/arm-none-eabi/5.3.1/../../../../arm-none-eabi/lib/armv7e-m\libg_nano.a(lib_a-nano-vfprintf_i.o)
                0x08002ac4                _printf_i
 .text          0x08002d10       0xa0 c:/program files (x86)/gnu tools arm embedded/5.3 2016q1/bin/../lib/gcc/arm-none-eabi/5.3.1/../../../../arm-none-eabi/lib/armv7e-m\libg_nano.a(lib_a-memchr.o)
                0x08002d10                memchr
 .text.memmove  0x08002db0       0x36 c:/program files (x86)/gnu tools arm embedded/5.3 2016q1/bin/../lib/gcc/arm-none-eabi/5.3.1/../../../../arm-none-eabi/lib/armv7e-m\libg_nano.a(lib_a-memmove.o)
                0x08002db0                memmove
 *fill*         0x08002de6        0x2 
 .text._free_r  0x08002de8       0x8c c:/program files (x86)/gnu tools arm embedded/5.3 2016q1/bin/../lib/gcc/arm-none-eabi/5.3.1/../../../../arm-none-eabi/lib/armv7e-m\libg_nano.a(lib_a-nano-freer.o)
                0x08002de8                _free_r
 .text._malloc_r
                0x08002e74       0xa8 c:/program files (x86)/gnu tools arm embedded/5.3 2016q1/bin/../lib/gcc/arm-none-eabi/5.3.1/../../../../arm-none-eabi/lib/armv7e-m\libg_nano.a(lib_a-nano-mallocr.o)
                0x08002e74                _malloc_r
 .text._realloc_r
                0x08002f1c       0x4c c:/program files (x86)/gnu tools arm embedded/5.3 2016q1/bin/../lib/gcc/arm-none-eabi/5.3.1/../../../../arm-none-eabi/lib/armv7e-m\libg_nano.a(lib_a-nano-reallocr.o)
                0x08002f1c                _realloc_r
 .text._sbrk_r  0x08002f68       0x20 c:/program files (x86)/gnu tools arm embedded/5.3 2016q1/bin/../lib/gcc/arm-none-eabi/5.3.1/../../../../arm-none-eabi/lib/armv7e-m\libg_nano.a(lib_a-sbrkr.o)
                0x08002f68                _sbrk_r
 .text._malloc_usable_size_r
                0x08002f88       0x14 c:/program files (x86)/gnu tools arm embedded/5.3 2016q1/bin/../lib/gcc/arm-none-eabi/5.3.1/../../../../arm-none-eabi/lib/armv7e-m\libg_nano.a(lib_a-nano-msizer.o)
                0x08002f88                _malloc_usable_size_r
 *(.rodata .rodata.* .constdata .constdata.*)
 .rodata.str1.4
                0x08002f9c       0x31 ./system/src/stm32f4-hal/stm32f4xx_hal_cortex.o
 *fill*         0x08002fcd        0x3 
 .rodata.str1.4
                0x08002fd0       0x2f ./system/src/stm32f4-hal/stm32f4xx_hal_gpio.o
 *fill*         0x08002fff        0x1 
 .rodata.APBAHBPrescTable
                0x08003000       0x10 ./system/src/stm32f4-hal/stm32f4xx_hal_rcc.o
                0x08003000                APBAHBPrescTable
 .rodata.str1.4
                0x08003010       0x2e ./system/src/stm32f4-hal/stm32f4xx_hal_rcc.o
 *fill*         0x0800303e        0x2 
 .rodata.str1.4
                0x08003040       0x2f ./system/src/stm32f4-hal/stm32f4xx_hal_uart.o
 *fill*         0x0800306f        0x1 
 .rodata.str1.4
                0x08003070       0x2d ./system/src/stm32f4-hal/stm32f4xx_ll_fmc.o
 *fill*         0x0800309d        0x3 
 .rodata.str1.4
                0x080030a0       0x14 ./system/src/newlib/_exit.o
 .rodata.str1.4
                0x080030b4       0x6b ./system/src/newlib/assert.o
                                 0x6f (size before relaxing)
 *fill*         0x0800311f        0x1 
 .rodata.str1.4
                0x08003120       0x29 ./system/src/diag/Trace.o
                                 0x2d (size before relaxing)
 *fill*         0x08003149        0x3 
 .rodata.str1.4
                0x0800314c      0x148 ./system/src/cortexm/exception_handlers.o
                                0x146 (size before relaxing)
 .rodata.AHBPrescTable
                0x08003294       0x10 ./system/src/cmsis/system_stm32f4xx.o
                0x08003294                AHBPrescTable
 .rodata.GPIO_PIN
                0x080032a4        0x4 ./src/stm32f429i_discovery.o
                0x080032a4                GPIO_PIN
 .rodata.str1.1
                0x080032a8        0x2 c:/program files (x86)/gnu tools arm embedded/5.3 2016q1/bin/../lib/gcc/arm-none-eabi/5.3.1/../../../../arm-none-eabi/lib/armv7e-m\libg_nano.a(lib_a-impure.o)
 .rodata.str1.1
                0x080032aa       0x11 c:/program files (x86)/gnu tools arm embedded/5.3 2016q1/bin/../lib/gcc/arm-none-eabi/5.3.1/../../../../arm-none-eabi/lib/armv7e-m\libg_nano.a(lib_a-nano-svfprintf.o)
 .rodata.str1.1
                0x080032bb       0x22 c:/program files (x86)/gnu tools arm embedded/5.3 2016q1/bin/../lib/gcc/arm-none-eabi/5.3.1/../../../../arm-none-eabi/lib/armv7e-m\libg_nano.a(lib_a-nano-vfprintf_i.o)
 *(vtable)
 *(.eh_frame*)
 *(.glue_7)
 .glue_7        0x080032dd        0x0 linker stubs
 *(.glue_7t)
 .glue_7t       0x080032dd        0x0 linker stubs

.vfp11_veneer   0x080032e0        0x0
 .vfp11_veneer  0x080032e0        0x0 linker stubs

.v4_bx          0x080032e0        0x0
 .v4_bx         0x080032e0        0x0 linker stubs

.iplt           0x080032e0        0x0
 .iplt          0x080032e0        0x0 ./system/src/stm32f4-hal/stm32f4xx_hal.o

.rel.dyn        0x080032e0        0x0
 .rel.iplt      0x080032e0        0x0 ./system/src/stm32f4-hal/stm32f4xx_hal.o

.ARM.extab
 *(.ARM.extab* .gnu.linkonce.armextab.*)
                0x080032e0                . = ALIGN (0x4)
                0x080032e0                __exidx_start = .

.ARM.exidx
 *(.ARM.exidx* .gnu.linkonce.armexidx.*)
                0x080032e0                __exidx_end = .
                0x080032e0                . = ALIGN (0x4)
                0x080032e0                _etext = .
                0x080032e0                __etext = .

.data_CCMRAM    0x10000000        0x0 load address 0x080032e0
 FILL mask 0xff
 *(.data.CCMRAM .data.CCMRAM.*)
                0x10000000                . = ALIGN (0x4)
                0x080032e0                _sidata = LOADADDR (.data)

.data           0x20000000       0x80 load address 0x080032e0
 FILL mask 0xff
                0x20000000                _sdata = .
                0x20000000                __data_start__ = .
 *(.data_begin .data_begin.*)
 .data_begin    0x20000000        0x4 ./system/src/newlib/_startup.o
 *(.data .data.*)
 .data.argv.4735
                0x20000004        0x8 ./system/src/newlib/_syscalls.o
 .data.SystemCoreClock
                0x2000000c        0x4 ./system/src/cmsis/system_stm32f4xx.o
                0x2000000c                SystemCoreClock
 .data.GPIO_PORT
                0x20000010        0x8 ./src/stm32f429i_discovery.o
                0x20000010                GPIO_PORT
 .data.impure_data
                0x20000018       0x60 c:/program files (x86)/gnu tools arm embedded/5.3 2016q1/bin/../lib/gcc/arm-none-eabi/5.3.1/../../../../arm-none-eabi/lib/armv7e-m\libg_nano.a(lib_a-impure.o)
 .data._impure_ptr
                0x20000078        0x4 c:/program files (x86)/gnu tools arm embedded/5.3 2016q1/bin/../lib/gcc/arm-none-eabi/5.3.1/../../../../arm-none-eabi/lib/armv7e-m\libg_nano.a(lib_a-impure.o)
                0x20000078                _impure_ptr
 *(.data_end .data_end.*)
 .data_end      0x2000007c        0x4 ./system/src/newlib/_startup.o
                0x20000080                . = ALIGN (0x4)
                0x20000080                _edata = .
                0x20000080                __data_end__ = .

.igot.plt       0x20000080        0x0 load address 0x08003360
 .igot.plt      0x20000080        0x0 ./system/src/stm32f4-hal/stm32f4xx_hal.o

.bss_CCMRAM     0x10000000        0x0
 *(.bss.CCMRAM .bss.CCMRAM.*)

.bss            0x20000080      0x15c
                0x20000080                __bss_start__ = .
                0x20000080                _sbss = .
 *(.bss_begin .bss_begin.*)
 .bss_begin     0x20000080        0x4 ./system/src/newlib/_startup.o
 *(.bss .bss.*)
 .bss.current_heap_end.4426
                0x20000084        0x4 ./system/src/newlib/_sbrk.o
 .bss.name.4734
                0x20000088        0x1 ./system/src/newlib/_syscalls.o
 *fill*         0x20000089        0x3 
 .bss.buf.5620  0x2000008c       0x80 ./system/src/diag/Trace.o
 .bss.uwIndex   0x2000010c        0x4 ./src/main.o
                0x2000010c                uwIndex
 .bss.__malloc_sbrk_start
                0x20000110        0x4 c:/program files (x86)/gnu tools arm embedded/5.3 2016q1/bin/../lib/gcc/arm-none-eabi/5.3.1/../../../../arm-none-eabi/lib/armv7e-m\libg_nano.a(lib_a-nano-mallocr.o)
                0x20000110                __malloc_sbrk_start
 .bss.__malloc_free_list
                0x20000114        0x4 c:/program files (x86)/gnu tools arm embedded/5.3 2016q1/bin/../lib/gcc/arm-none-eabi/5.3.1/../../../../arm-none-eabi/lib/armv7e-m\libg_nano.a(lib_a-nano-mallocr.o)
                0x20000114                __malloc_free_list
 *(COMMON)
 COMMON         0x20000118        0x4 ./system/src/stm32f4-hal/stm32f4xx_hal.o
                0x20000118                uwTick
 COMMON         0x2000011c        0x4 ./system/src/newlib/_syscalls.o
                0x2000011c                errno
 COMMON         0x20000120       0xb8 ./src/main.o
                0x20000120                hsdram
                0x20000154                StartTime
                0x20000158                EndTime
                0x2000015c                aRxData
                0x20000160                UartHandle
                0x200001a0                command
                0x200001b0                aOutPutData
                0x200001b4                SDRAM_Timing
                0x200001d0                aRxBuffer
                0x200001d4                aTxBuffer
 *(.bss_end .bss_end.*)
 .bss_end       0x200001d8        0x4 ./system/src/newlib/_startup.o
                0x200001dc                . = ALIGN (0x4)
                0x200001dc                __bss_end__ = .
                0x200001dc                _ebss = .

.noinit_CCMRAM
 *(.noinit.CCMRAM .noinit.CCMRAM.*)

.noinit         0x200001dc        0x0
                0x200001dc                _noinit = .
 *(.noinit .noinit.*)
                0x200001dc                . = ALIGN (0x4)
                0x200001dc                _end_noinit = .
                [!provide]                PROVIDE (end, _end_noinit)
                [!provide]                PROVIDE (_end, _end_noinit)
                [!provide]                PROVIDE (__end, _end_noinit)
                [!provide]                PROVIDE (__end__, _end_noinit)

._check_stack   0x200001dc      0x100
                0x200002dc                . = (. + _Minimum_Stack_Size)
 *fill*         0x200001dc      0x100 

.b1text
 *(.b1text)
 *(.b1rodata)
 *(.b1rodata.*)

.eb0text
 *(.eb0text)
 *(.eb0rodata)
 *(.eb0rodata.*)

.eb1text
 *(.eb1text)
 *(.eb1rodata)
 *(.eb1rodata.*)

.eb2text
 *(.eb2text)
 *(.eb2rodata)
 *(.eb2rodata.*)

.eb3text
 *(.eb3text)
 *(.eb3rodata)
 *(.eb3rodata.*)

.stab
 *(.stab)

.stabstr
 *(.stabstr)

.stab.excl
 *(.stab.excl)

.stab.exclstr
 *(.stab.exclstr)

.stab.index
 *(.stab.index)

.stab.indexstr
 *(.stab.indexstr)

.comment        0x00000000       0x6e
 *(.comment)
 .comment       0x00000000       0x6e ./system/src/stm32f4-hal/stm32f4xx_hal.o
                                 0x6f (size before relaxing)
 .comment       0x0000006e       0x6f ./system/src/stm32f4-hal/stm32f4xx_hal_cortex.o
 .comment       0x0000006e       0x6f ./system/src/stm32f4-hal/stm32f4xx_hal_gpio.o
 .comment       0x0000006e       0x6f ./system/src/stm32f4-hal/stm32f4xx_hal_rcc.o
 .comment       0x0000006e       0x6f ./system/src/stm32f4-hal/stm32f4xx_hal_sdram.o
 .comment       0x0000006e       0x6f ./system/src/stm32f4-hal/stm32f4xx_hal_uart.o
 .comment       0x0000006e       0x6f ./system/src/stm32f4-hal/stm32f4xx_ll_fmc.o
 .comment       0x0000006e       0x6f ./system/src/newlib/_exit.o
 .comment       0x0000006e       0x6f ./system/src/newlib/_sbrk.o
 .comment       0x0000006e       0x6f ./system/src/newlib/_startup.o
 .comment       0x0000006e       0x6f ./system/src/newlib/_syscalls.o
 .comment       0x0000006e       0x6f ./system/src/newlib/assert.o
 .comment       0x0000006e       0x6f ./system/src/diag/Trace.o
 .comment       0x0000006e       0x6f ./system/src/diag/trace_impl.o
 .comment       0x0000006e       0x6f ./system/src/cortexm/_initialize_hardware.o
 .comment       0x0000006e       0x6f ./system/src/cortexm/exception_handlers.o
 .comment       0x0000006e       0x6f ./system/src/cmsis/system_stm32f4xx.o
 .comment       0x0000006e       0x6f ./system/src/cmsis/vectors_stm32f429xx.o
 .comment       0x0000006e       0x6f ./src/_initialize_hardware.o
 .comment       0x0000006e       0x6f ./src/main.o
 .comment       0x0000006e       0x6f ./src/stm32f429i_discovery.o
 .comment       0x0000006e       0x6f ./src/stm32f4xx_hal_msp.o
 .comment       0x0000006e       0x6f ./src/stm32f4xx_it.o

.ARM.attributes
                0x00000000       0x31
 .ARM.attributes
                0x00000000       0x33 ./system/src/stm32f4-hal/stm32f4xx_hal.o
 .ARM.attributes
                0x00000033       0x33 ./system/src/stm32f4-hal/stm32f4xx_hal_cortex.o
 .ARM.attributes
                0x00000066       0x33 ./system/src/stm32f4-hal/stm32f4xx_hal_gpio.o
 .ARM.attributes
                0x00000099       0x33 ./system/src/stm32f4-hal/stm32f4xx_hal_rcc.o
 .ARM.attributes
                0x000000cc       0x33 ./system/src/stm32f4-hal/stm32f4xx_hal_sdram.o
 .ARM.attributes
                0x000000ff       0x33 ./system/src/stm32f4-hal/stm32f4xx_hal_uart.o
 .ARM.attributes
                0x00000132       0x33 ./system/src/stm32f4-hal/stm32f4xx_ll_fmc.o
 .ARM.attributes
                0x00000165       0x33 ./system/src/newlib/_exit.o
 .ARM.attributes
                0x00000198       0x33 ./system/src/newlib/_sbrk.o
 .ARM.attributes
                0x000001cb       0x33 ./system/src/newlib/_startup.o
 .ARM.attributes
                0x000001fe       0x33 ./system/src/newlib/_syscalls.o
 .ARM.attributes
                0x00000231       0x33 ./system/src/newlib/assert.o
 .ARM.attributes
                0x00000264       0x33 ./system/src/diag/Trace.o
 .ARM.attributes
                0x00000297       0x33 ./system/src/diag/trace_impl.o
 .ARM.attributes
                0x000002ca       0x33 ./system/src/cortexm/_initialize_hardware.o
 .ARM.attributes
                0x000002fd       0x33 ./system/src/cortexm/exception_handlers.o
 .ARM.attributes
                0x00000330       0x33 ./system/src/cmsis/system_stm32f4xx.o
 .ARM.attributes
                0x00000363       0x33 ./system/src/cmsis/vectors_stm32f429xx.o
 .ARM.attributes
                0x00000396       0x33 ./src/_initialize_hardware.o
 .ARM.attributes
                0x000003c9       0x33 ./src/main.o
 .ARM.attributes
                0x000003fc       0x33 ./src/stm32f429i_discovery.o
 .ARM.attributes
                0x0000042f       0x33 ./src/stm32f4xx_hal_msp.o
 .ARM.attributes
                0x00000462       0x33 ./src/stm32f4xx_it.o
 .ARM.attributes
                0x00000495       0x2e c:/program files (x86)/gnu tools arm embedded/5.3 2016q1/bin/../lib/gcc/arm-none-eabi/5.3.1/../../../../arm-none-eabi/lib/armv7e-m\libg_nano.a(lib_a-errno.o)
 .ARM.attributes
                0x000004c3       0x2e c:/program files (x86)/gnu tools arm embedded/5.3 2016q1/bin/../lib/gcc/arm-none-eabi/5.3.1/../../../../arm-none-eabi/lib/armv7e-m\libg_nano.a(lib_a-impure.o)
 .ARM.attributes
                0x000004f1       0x2e c:/program files (x86)/gnu tools arm embedded/5.3 2016q1/bin/../lib/gcc/arm-none-eabi/5.3.1/../../../../arm-none-eabi/lib/armv7e-m\libg_nano.a(lib_a-memcpy-stub.o)
 .ARM.attributes
                0x0000051f       0x17 c:/program files (x86)/gnu tools arm embedded/5.3 2016q1/bin/../lib/gcc/arm-none-eabi/5.3.1/../../../../arm-none-eabi/lib/armv7e-m\libg_nano.a(lib_a-strlen.o)
 .ARM.attributes
                0x00000536       0x2e c:/program files (x86)/gnu tools arm embedded/5.3 2016q1/bin/../lib/gcc/arm-none-eabi/5.3.1/../../../../arm-none-eabi/lib/armv7e-m\libg_nano.a(lib_a-vsnprintf.o)
 .ARM.attributes
                0x00000564       0x2e c:/program files (x86)/gnu tools arm embedded/5.3 2016q1/bin/../lib/gcc/arm-none-eabi/5.3.1/../../../../arm-none-eabi/lib/armv7e-m\libg_nano.a(lib_a-nano-svfprintf.o)
 .ARM.attributes
                0x00000592       0x2e c:/program files (x86)/gnu tools arm embedded/5.3 2016q1/bin/../lib/gcc/arm-none-eabi/5.3.1/../../../../arm-none-eabi/lib/armv7e-m\libg_nano.a(lib_a-nano-vfprintf_i.o)
 .ARM.attributes
                0x000005c0       0x1c c:/program files (x86)/gnu tools arm embedded/5.3 2016q1/bin/../lib/gcc/arm-none-eabi/5.3.1/../../../../arm-none-eabi/lib/armv7e-m\libg_nano.a(lib_a-memchr.o)
 .ARM.attributes
                0x000005dc       0x2e c:/program files (x86)/gnu tools arm embedded/5.3 2016q1/bin/../lib/gcc/arm-none-eabi/5.3.1/../../../../arm-none-eabi/lib/armv7e-m\libg_nano.a(lib_a-memmove.o)
 .ARM.attributes
                0x0000060a       0x2e c:/program files (x86)/gnu tools arm embedded/5.3 2016q1/bin/../lib/gcc/arm-none-eabi/5.3.1/../../../../arm-none-eabi/lib/armv7e-m\libg_nano.a(lib_a-nano-freer.o)
 .ARM.attributes
                0x00000638       0x2e c:/program files (x86)/gnu tools arm embedded/5.3 2016q1/bin/../lib/gcc/arm-none-eabi/5.3.1/../../../../arm-none-eabi/lib/armv7e-m\libg_nano.a(lib_a-nano-mallocr.o)
 .ARM.attributes
                0x00000666       0x2e c:/program files (x86)/gnu tools arm embedded/5.3 2016q1/bin/../lib/gcc/arm-none-eabi/5.3.1/../../../../arm-none-eabi/lib/armv7e-m\libg_nano.a(lib_a-nano-reallocr.o)
 .ARM.attributes
                0x00000694       0x2e c:/program files (x86)/gnu tools arm embedded/5.3 2016q1/bin/../lib/gcc/arm-none-eabi/5.3.1/../../../../arm-none-eabi/lib/armv7e-m\libg_nano.a(lib_a-sbrkr.o)
 .ARM.attributes
                0x000006c2       0x2e c:/program files (x86)/gnu tools arm embedded/5.3 2016q1/bin/../lib/gcc/arm-none-eabi/5.3.1/../../../../arm-none-eabi/lib/armv7e-m\libg_nano.a(lib_a-nano-msizer.o)

.debug
 *(.debug)

.line
 *(.line)

.debug_srcinfo
 *(.debug_srcinfo)

.debug_sfnames
 *(.debug_sfnames)

.debug_aranges  0x00000000      0xa98
 *(.debug_aranges)
 .debug_aranges
                0x00000000       0xd0 ./system/src/stm32f4-hal/stm32f4xx_hal.o
 .debug_aranges
                0x000000d0       0x98 ./system/src/stm32f4-hal/stm32f4xx_hal_cortex.o
 .debug_aranges
                0x00000168       0x58 ./system/src/stm32f4-hal/stm32f4xx_hal_gpio.o
 .debug_aranges
                0x000001c0       0x88 ./system/src/stm32f4-hal/stm32f4xx_hal_rcc.o
 .debug_aranges
                0x00000248       0xd0 ./system/src/stm32f4-hal/stm32f4xx_hal_sdram.o
 .debug_aranges
                0x00000318      0x150 ./system/src/stm32f4-hal/stm32f4xx_hal_uart.o
 .debug_aranges
                0x00000468       0xf0 ./system/src/stm32f4-hal/stm32f4xx_ll_fmc.o
 .debug_aranges
                0x00000558       0x28 ./system/src/newlib/_exit.o
 .debug_aranges
                0x00000580       0x20 ./system/src/newlib/_sbrk.o
 .debug_aranges
                0x000005a0       0x40 ./system/src/newlib/_startup.o
 .debug_aranges
                0x000005e0       0xd0 ./system/src/newlib/_syscalls.o
 .debug_aranges
                0x000006b0       0x28 ./system/src/newlib/assert.o
 .debug_aranges
                0x000006d8       0x38 ./system/src/diag/Trace.o
 .debug_aranges
                0x00000710       0x30 ./system/src/diag/trace_impl.o
 .debug_aranges
                0x00000740       0x28 ./system/src/cortexm/_initialize_hardware.o
 .debug_aranges
                0x00000768       0x88 ./system/src/cortexm/exception_handlers.o
 .debug_aranges
                0x000007f0       0x28 ./system/src/cmsis/system_stm32f4xx.o
 .debug_aranges
                0x00000818       0x20 ./system/src/cmsis/vectors_stm32f429xx.o
 .debug_aranges
                0x00000838       0x28 ./src/_initialize_hardware.o
 .debug_aranges
                0x00000860       0x40 ./src/main.o
 .debug_aranges
                0x000008a0      0x138 ./src/stm32f429i_discovery.o
 .debug_aranges
                0x000009d8       0x58 ./src/stm32f4xx_hal_msp.o
 .debug_aranges
                0x00000a30       0x68 ./src/stm32f4xx_it.o

.debug_pubnames
 *(.debug_pubnames)

.debug_info     0x00000000     0xe4a5
 *(.debug_info .gnu.linkonce.wi.*)
 .debug_info    0x00000000      0x9c9 ./system/src/stm32f4-hal/stm32f4xx_hal.o
 .debug_info    0x000009c9     0x1156 ./system/src/stm32f4-hal/stm32f4xx_hal_cortex.o
 .debug_info    0x00001b1f      0x8b0 ./system/src/stm32f4-hal/stm32f4xx_hal_gpio.o
 .debug_info    0x000023cf      0xf88 ./system/src/stm32f4-hal/stm32f4xx_hal_rcc.o
 .debug_info    0x00003357      0xdaa ./system/src/stm32f4-hal/stm32f4xx_hal_sdram.o
 .debug_info    0x00004101     0x14f4 ./system/src/stm32f4-hal/stm32f4xx_hal_uart.o
 .debug_info    0x000055f5     0x1d41 ./system/src/stm32f4-hal/stm32f4xx_ll_fmc.o
 .debug_info    0x00007336       0xef ./system/src/newlib/_exit.o
 .debug_info    0x00007425      0x11f ./system/src/newlib/_sbrk.o
 .debug_info    0x00007544      0x4fa ./system/src/newlib/_startup.o
 .debug_info    0x00007a3e      0x90e ./system/src/newlib/_syscalls.o
 .debug_info    0x0000834c      0x1b9 ./system/src/newlib/assert.o
 .debug_info    0x00008505      0x2e6 ./system/src/diag/Trace.o
 .debug_info    0x000087eb      0x403 ./system/src/diag/trace_impl.o
 .debug_info    0x00008bee      0x2e0 ./system/src/cortexm/_initialize_hardware.o
 .debug_info    0x00008ece      0x7d8 ./system/src/cortexm/exception_handlers.o
 .debug_info    0x000096a6      0x4f4 ./system/src/cmsis/system_stm32f4xx.o
 .debug_info    0x00009b9a       0xd1 ./system/src/cmsis/vectors_stm32f429xx.o
 .debug_info    0x00009c6b      0x524 ./src/_initialize_hardware.o
 .debug_info    0x0000a18f      0xcd8 ./src/main.o
 .debug_info    0x0000ae67     0x2019 ./src/stm32f429i_discovery.o
 .debug_info    0x0000ce80     0x1007 ./src/stm32f4xx_hal_msp.o
 .debug_info    0x0000de87      0x61e ./src/stm32f4xx_it.o

.debug_abbrev   0x00000000     0x2607
 *(.debug_abbrev)
 .debug_abbrev  0x00000000      0x224 ./system/src/stm32f4-hal/stm32f4xx_hal.o
 .debug_abbrev  0x00000224      0x324 ./system/src/stm32f4-hal/stm32f4xx_hal_cortex.o
 .debug_abbrev  0x00000548      0x204 ./system/src/stm32f4-hal/stm32f4xx_hal_gpio.o
 .debug_abbrev  0x0000074c      0x2b8 ./system/src/stm32f4-hal/stm32f4xx_hal_rcc.o
 .debug_abbrev  0x00000a04      0x214 ./system/src/stm32f4-hal/stm32f4xx_hal_sdram.o
 .debug_abbrev  0x00000c18      0x239 ./system/src/stm32f4-hal/stm32f4xx_hal_uart.o
 .debug_abbrev  0x00000e51      0x1b6 ./system/src/stm32f4-hal/stm32f4xx_ll_fmc.o
 .debug_abbrev  0x00001007       0x8e ./system/src/newlib/_exit.o
 .debug_abbrev  0x00001095       0xb9 ./system/src/newlib/_sbrk.o
 .debug_abbrev  0x0000114e      0x1d4 ./system/src/newlib/_startup.o
 .debug_abbrev  0x00001322      0x169 ./system/src/newlib/_syscalls.o
 .debug_abbrev  0x0000148b       0xab ./system/src/newlib/assert.o
 .debug_abbrev  0x00001536      0x145 ./system/src/diag/Trace.o
 .debug_abbrev  0x0000167b      0x188 ./system/src/diag/trace_impl.o
 .debug_abbrev  0x00001803       0xea ./system/src/cortexm/_initialize_hardware.o
 .debug_abbrev  0x000018ed      0x1d4 ./system/src/cortexm/exception_handlers.o
 .debug_abbrev  0x00001ac1      0x104 ./system/src/cmsis/system_stm32f4xx.o
 .debug_abbrev  0x00001bc5       0x9d ./system/src/cmsis/vectors_stm32f429xx.o
 .debug_abbrev  0x00001c62      0x14c ./src/_initialize_hardware.o
 .debug_abbrev  0x00001dae      0x27f ./src/main.o
 .debug_abbrev  0x0000202d      0x281 ./src/stm32f429i_discovery.o
 .debug_abbrev  0x000022ae      0x1e1 ./src/stm32f4xx_hal_msp.o
 .debug_abbrev  0x0000248f      0x178 ./src/stm32f4xx_it.o

.debug_line     0x00000000     0xe3df
 *(.debug_line)
 .debug_line    0x00000000      0xbf9 ./system/src/stm32f4-hal/stm32f4xx_hal.o
 .debug_line    0x00000bf9      0xca8 ./system/src/stm32f4-hal/stm32f4xx_hal_cortex.o
 .debug_line    0x000018a1      0xd9a ./system/src/stm32f4-hal/stm32f4xx_hal_gpio.o
 .debug_line    0x0000263b      0xe77 ./system/src/stm32f4-hal/stm32f4xx_hal_rcc.o
 .debug_line    0x000034b2      0xd3a ./system/src/stm32f4-hal/stm32f4xx_hal_sdram.o
 .debug_line    0x000041ec     0x131c ./system/src/stm32f4-hal/stm32f4xx_hal_uart.o
 .debug_line    0x00005508     0x12d4 ./system/src/stm32f4-hal/stm32f4xx_ll_fmc.o
 .debug_line    0x000067dc      0x323 ./system/src/newlib/_exit.o
 .debug_line    0x00006aff      0x2d5 ./system/src/newlib/_sbrk.o
 .debug_line    0x00006dd4      0x3a6 ./system/src/newlib/_startup.o
 .debug_line    0x0000717a      0x540 ./system/src/newlib/_syscalls.o
 .debug_line    0x000076ba      0x367 ./system/src/newlib/assert.o
 .debug_line    0x00007a21      0x382 ./system/src/diag/Trace.o
 .debug_line    0x00007da3      0xacd ./system/src/diag/trace_impl.o
 .debug_line    0x00008870      0xa69 ./system/src/cortexm/_initialize_hardware.o
 .debug_line    0x000092d9      0xb6a ./system/src/cortexm/exception_handlers.o
 .debug_line    0x00009e43      0xa69 ./system/src/cmsis/system_stm32f4xx.o
 .debug_line    0x0000a8ac      0x24b ./system/src/cmsis/vectors_stm32f429xx.o
 .debug_line    0x0000aaf7      0xa62 ./src/_initialize_hardware.o
 .debug_line    0x0000b559      0xb19 ./src/main.o
 .debug_line    0x0000c072      0xd7b ./src/stm32f429i_discovery.o
 .debug_line    0x0000cded      0xafb ./src/stm32f4xx_hal_msp.o
 .debug_line    0x0000d8e8      0xaf7 ./src/stm32f4xx_it.o

.debug_frame    0x00000000     0x1d64
 *(.debug_frame)
 .debug_frame   0x00000000      0x1a8 ./system/src/stm32f4-hal/stm32f4xx_hal.o
 .debug_frame   0x000001a8      0x17c ./system/src/stm32f4-hal/stm32f4xx_hal_cortex.o
 .debug_frame   0x00000324       0xf8 ./system/src/stm32f4-hal/stm32f4xx_hal_gpio.o
 .debug_frame   0x0000041c      0x158 ./system/src/stm32f4-hal/stm32f4xx_hal_rcc.o
 .debug_frame   0x00000574      0x24c ./system/src/stm32f4-hal/stm32f4xx_hal_sdram.o
 .debug_frame   0x000007c0      0x39c ./system/src/stm32f4-hal/stm32f4xx_hal_uart.o
 .debug_frame   0x00000b5c      0x314 ./system/src/stm32f4-hal/stm32f4xx_ll_fmc.o
 .debug_frame   0x00000e70       0x38 ./system/src/newlib/_exit.o
 .debug_frame   0x00000ea8       0x28 ./system/src/newlib/_sbrk.o
 .debug_frame   0x00000ed0       0x7c ./system/src/newlib/_startup.o
 .debug_frame   0x00000f4c      0x230 ./system/src/newlib/_syscalls.o
 .debug_frame   0x0000117c       0x40 ./system/src/newlib/assert.o
 .debug_frame   0x000011bc       0x94 ./system/src/diag/Trace.o
 .debug_frame   0x00001250       0x54 ./system/src/diag/trace_impl.o
 .debug_frame   0x000012a4       0x40 ./system/src/cortexm/_initialize_hardware.o
 .debug_frame   0x000012e4      0x144 ./system/src/cortexm/exception_handlers.o
 .debug_frame   0x00001428       0x30 ./system/src/cmsis/system_stm32f4xx.o
 .debug_frame   0x00001458       0x20 ./system/src/cmsis/vectors_stm32f429xx.o
 .debug_frame   0x00001478       0x48 ./src/_initialize_hardware.o
 .debug_frame   0x000014c0       0x98 ./src/main.o
 .debug_frame   0x00001558      0x400 ./src/stm32f429i_discovery.o
 .debug_frame   0x00001958       0xc4 ./src/stm32f4xx_hal_msp.o
 .debug_frame   0x00001a1c       0xc0 ./src/stm32f4xx_it.o
 .debug_frame   0x00001adc       0x20 c:/program files (x86)/gnu tools arm embedded/5.3 2016q1/bin/../lib/gcc/arm-none-eabi/5.3.1/../../../../arm-none-eabi/lib/armv7e-m\libg_nano.a(lib_a-errno.o)
 .debug_frame   0x00001afc       0x28 c:/program files (x86)/gnu tools arm embedded/5.3 2016q1/bin/../lib/gcc/arm-none-eabi/5.3.1/../../../../arm-none-eabi/lib/armv7e-m\libg_nano.a(lib_a-memcpy-stub.o)
 .debug_frame   0x00001b24       0x48 c:/program files (x86)/gnu tools arm embedded/5.3 2016q1/bin/../lib/gcc/arm-none-eabi/5.3.1/../../../../arm-none-eabi/lib/armv7e-m\libg_nano.a(lib_a-vsnprintf.o)
 .debug_frame   0x00001b6c       0x90 c:/program files (x86)/gnu tools arm embedded/5.3 2016q1/bin/../lib/gcc/arm-none-eabi/5.3.1/../../../../arm-none-eabi/lib/armv7e-m\libg_nano.a(lib_a-nano-svfprintf.o)
 .debug_frame   0x00001bfc       0x60 c:/program files (x86)/gnu tools arm embedded/5.3 2016q1/bin/../lib/gcc/arm-none-eabi/5.3.1/../../../../arm-none-eabi/lib/armv7e-m\libg_nano.a(lib_a-nano-vfprintf_i.o)
 .debug_frame   0x00001c5c       0x28 c:/program files (x86)/gnu tools arm embedded/5.3 2016q1/bin/../lib/gcc/arm-none-eabi/5.3.1/../../../../arm-none-eabi/lib/armv7e-m\libg_nano.a(lib_a-memmove.o)
 .debug_frame   0x00001c84       0x2c c:/program files (x86)/gnu tools arm embedded/5.3 2016q1/bin/../lib/gcc/arm-none-eabi/5.3.1/../../../../arm-none-eabi/lib/armv7e-m\libg_nano.a(lib_a-nano-freer.o)
 .debug_frame   0x00001cb0       0x2c c:/program files (x86)/gnu tools arm embedded/5.3 2016q1/bin/../lib/gcc/arm-none-eabi/5.3.1/../../../../arm-none-eabi/lib/armv7e-m\libg_nano.a(lib_a-nano-mallocr.o)
 .debug_frame   0x00001cdc       0x3c c:/program files (x86)/gnu tools arm embedded/5.3 2016q1/bin/../lib/gcc/arm-none-eabi/5.3.1/../../../../arm-none-eabi/lib/armv7e-m\libg_nano.a(lib_a-nano-reallocr.o)
 .debug_frame   0x00001d18       0x2c c:/program files (x86)/gnu tools arm embedded/5.3 2016q1/bin/../lib/gcc/arm-none-eabi/5.3.1/../../../../arm-none-eabi/lib/armv7e-m\libg_nano.a(lib_a-sbrkr.o)
 .debug_frame   0x00001d44       0x20 c:/program files (x86)/gnu tools arm embedded/5.3 2016q1/bin/../lib/gcc/arm-none-eabi/5.3.1/../../../../arm-none-eabi/lib/armv7e-m\libg_nano.a(lib_a-nano-msizer.o)

.debug_str      0x00000000    0xb7f06
 *(.debug_str)
 .debug_str     0x00000000    0xb1610 ./system/src/stm32f4-hal/stm32f4xx_hal.o
                              0xb1a32 (size before relaxing)
 .debug_str     0x000b1610      0x389 ./system/src/stm32f4-hal/stm32f4xx_hal_cortex.o
                              0xb1861 (size before relaxing)
 .debug_str     0x000b1999      0x2d7 ./system/src/stm32f4-hal/stm32f4xx_hal_gpio.o
                              0xb1226 (size before relaxing)
 .debug_str     0x000b1c70      0x394 ./system/src/stm32f4-hal/stm32f4xx_hal_rcc.o
                              0xb13c4 (size before relaxing)
 .debug_str     0x000b2004      0x817 ./system/src/stm32f4-hal/stm32f4xx_hal_sdram.o
                              0xb16af (size before relaxing)
 .debug_str     0x000b281b      0x536 ./system/src/stm32f4-hal/stm32f4xx_hal_uart.o
                              0xb168d (size before relaxing)
 .debug_str     0x000b2d51      0x469 ./system/src/stm32f4-hal/stm32f4xx_ll_fmc.o
                              0xb15d5 (size before relaxing)
 .debug_str     0x000b31ba     0x10b6 ./system/src/newlib/_exit.o
                               0x6b02 (size before relaxing)
 .debug_str     0x000b4270      0x4de ./system/src/newlib/_sbrk.o
                               0x5eed (size before relaxing)
 .debug_str     0x000b474e      0x2cc ./system/src/newlib/_startup.o
                               0x5ab7 (size before relaxing)
 .debug_str     0x000b4a1a     0x1016 ./system/src/newlib/_syscalls.o
                               0x6f93 (size before relaxing)
 .debug_str     0x000b5a30       0xd0 ./system/src/newlib/assert.o
                               0x75dc (size before relaxing)
 .debug_str     0x000b5b00      0x17b ./system/src/diag/Trace.o
                               0x72d5 (size before relaxing)
 .debug_str     0x000b5c7b       0xdb ./system/src/diag/trace_impl.o
                              0xb1e96 (size before relaxing)
 .debug_str     0x000b5d56       0x5e ./system/src/cortexm/_initialize_hardware.o
                              0xb0eb7 (size before relaxing)
 .debug_str     0x000b5db4      0x1e5 ./system/src/cortexm/exception_handlers.o
                              0xb1fc7 (size before relaxing)
 .debug_str     0x000b5f99       0x46 ./system/src/cmsis/system_stm32f4xx.o
                              0xb0fa9 (size before relaxing)
 .debug_str     0x000b5fdf       0x59 ./system/src/cmsis/vectors_stm32f429xx.o
                               0x33b1 (size before relaxing)
 .debug_str     0x000b6038       0x31 ./src/_initialize_hardware.o
                              0xb10af (size before relaxing)
 .debug_str     0x000b6069     0x1538 ./src/main.o
                              0xb2aa6 (size before relaxing)
 .debug_str     0x000b75a1      0x8ec ./src/stm32f429i_discovery.o
                              0xb30c2 (size before relaxing)
 .debug_str     0x000b7e8d       0x51 ./src/stm32f4xx_hal_msp.o
                              0xb2f49 (size before relaxing)
 .debug_str     0x000b7ede       0x28 ./src/stm32f4xx_it.o
                              0xb26d5 (size before relaxing)

.debug_loc      0x00000000     0x52ef
 *(.debug_loc)
 .debug_loc     0x00000000       0xbe ./system/src/stm32f4-hal/stm32f4xx_hal.o
 .debug_loc     0x000000be      0x580 ./system/src/stm32f4-hal/stm32f4xx_hal_cortex.o
 .debug_loc     0x0000063e      0x4b0 ./system/src/stm32f4-hal/stm32f4xx_hal_gpio.o
 .debug_loc     0x00000aee      0x57a ./system/src/stm32f4-hal/stm32f4xx_hal_rcc.o
 .debug_loc     0x00001068      0xc11 ./system/src/stm32f4-hal/stm32f4xx_hal_sdram.o
 .debug_loc     0x00001c79      0xf81 ./system/src/stm32f4-hal/stm32f4xx_hal_uart.o
 .debug_loc     0x00002bfa      0xf0f ./system/src/stm32f4-hal/stm32f4xx_ll_fmc.o
 .debug_loc     0x00003b09       0x82 ./system/src/newlib/_sbrk.o
 .debug_loc     0x00003b8b      0x36e ./system/src/newlib/_startup.o
 .debug_loc     0x00003ef9      0x549 ./system/src/newlib/_syscalls.o
 .debug_loc     0x00004442      0x110 ./system/src/newlib/assert.o
 .debug_loc     0x00004552      0x102 ./system/src/diag/Trace.o
 .debug_loc     0x00004654       0x97 ./system/src/diag/trace_impl.o
 .debug_loc     0x000046eb      0x184 ./system/src/cortexm/exception_handlers.o
 .debug_loc     0x0000486f      0x132 ./system/src/cmsis/system_stm32f4xx.o
 .debug_loc     0x000049a1       0x9f ./src/main.o
 .debug_loc     0x00004a40      0x82b ./src/stm32f429i_discovery.o
 .debug_loc     0x0000526b       0x84 ./src/stm32f4xx_hal_msp.o

.debug_macinfo
 *(.debug_macinfo)

.debug_weaknames
 *(.debug_weaknames)

.debug_funcnames
 *(.debug_funcnames)

.debug_typenames
 *(.debug_typenames)

.debug_varnames
 *(.debug_varnames)
OUTPUT(RAM.elf elf32-littlearm)

.debug_ranges   0x00000000      0x928
 .debug_ranges  0x00000000       0xc0 ./system/src/stm32f4-hal/stm32f4xx_hal.o
 .debug_ranges  0x000000c0       0x88 ./system/src/stm32f4-hal/stm32f4xx_hal_cortex.o
 .debug_ranges  0x00000148       0x48 ./system/src/stm32f4-hal/stm32f4xx_hal_gpio.o
 .debug_ranges  0x00000190       0x78 ./system/src/stm32f4-hal/stm32f4xx_hal_rcc.o
 .debug_ranges  0x00000208       0xc0 ./system/src/stm32f4-hal/stm32f4xx_hal_sdram.o
 .debug_ranges  0x000002c8      0x140 ./system/src/stm32f4-hal/stm32f4xx_hal_uart.o
 .debug_ranges  0x00000408       0xe0 ./system/src/stm32f4-hal/stm32f4xx_ll_fmc.o
 .debug_ranges  0x000004e8       0x18 ./system/src/newlib/_exit.o
 .debug_ranges  0x00000500       0x10 ./system/src/newlib/_sbrk.o
 .debug_ranges  0x00000510       0x30 ./system/src/newlib/_startup.o
 .debug_ranges  0x00000540       0xc0 ./system/src/newlib/_syscalls.o
 .debug_ranges  0x00000600       0x18 ./system/src/newlib/assert.o
 .debug_ranges  0x00000618       0x28 ./system/src/diag/Trace.o
 .debug_ranges  0x00000640       0x20 ./system/src/diag/trace_impl.o
 .debug_ranges  0x00000660       0x18 ./system/src/cortexm/_initialize_hardware.o
 .debug_ranges  0x00000678       0x78 ./system/src/cortexm/exception_handlers.o
 .debug_ranges  0x000006f0       0x18 ./system/src/cmsis/system_stm32f4xx.o
 .debug_ranges  0x00000708       0x10 ./system/src/cmsis/vectors_stm32f429xx.o
 .debug_ranges  0x00000718       0x18 ./src/_initialize_hardware.o
 .debug_ranges  0x00000730       0x30 ./src/main.o
 .debug_ranges  0x00000760      0x128 ./src/stm32f429i_discovery.o
 .debug_ranges  0x00000888       0x48 ./src/stm32f4xx_hal_msp.o
 .debug_ranges  0x000008d0       0x58 ./src/stm32f4xx_it.o

.debug_macro    0x00000000    0x1f14d
 .debug_macro   0x00000000      0x546 ./system/src/stm32f4-hal/stm32f4xx_hal.o
 .debug_macro   0x00000546      0x898 ./system/src/stm32f4-hal/stm32f4xx_hal.o
 .debug_macro   0x00000dde      0x283 ./system/src/stm32f4-hal/stm32f4xx_hal.o
 .debug_macro   0x00001061       0x2e ./system/src/stm32f4-hal/stm32f4xx_hal.o
 .debug_macro   0x0000108f       0x28 ./system/src/stm32f4-hal/stm32f4xx_hal.o
 .debug_macro   0x000010b7       0x22 ./system/src/stm32f4-hal/stm32f4xx_hal.o
 .debug_macro   0x000010d9       0x87 ./system/src/stm32f4-hal/stm32f4xx_hal.o
 .debug_macro   0x00001160       0x44 ./system/src/stm32f4-hal/stm32f4xx_hal.o
 .debug_macro   0x000011a4       0xfd ./system/src/stm32f4-hal/stm32f4xx_hal.o
 .debug_macro   0x000012a1       0x22 ./system/src/stm32f4-hal/stm32f4xx_hal.o
 .debug_macro   0x000012c3      0x1df ./system/src/stm32f4-hal/stm32f4xx_hal.o
 .debug_macro   0x000014a2       0x35 ./system/src/stm32f4-hal/stm32f4xx_hal.o
 .debug_macro   0x000014d7       0x50 ./system/src/stm32f4-hal/stm32f4xx_hal.o
 .debug_macro   0x00001527      0xe66 ./system/src/stm32f4-hal/stm32f4xx_hal.o
 .debug_macro   0x0000238d     0xa15f ./system/src/stm32f4-hal/stm32f4xx_hal.o
 .debug_macro   0x0000c4ec       0x43 ./system/src/stm32f4-hal/stm32f4xx_hal.o
 .debug_macro   0x0000c52f     0x33a6 ./system/src/stm32f4-hal/stm32f4xx_hal.o
 .debug_macro   0x0000f8d5       0x52 ./system/src/stm32f4-hal/stm32f4xx_hal.o
 .debug_macro   0x0000f927       0x35 ./system/src/stm32f4-hal/stm32f4xx_hal.o
 .debug_macro   0x0000f95c       0x9c ./system/src/stm32f4-hal/stm32f4xx_hal.o
 .debug_macro   0x0000f9f8       0x16 ./system/src/stm32f4-hal/stm32f4xx_hal.o
 .debug_macro   0x0000fa0e       0x97 ./system/src/stm32f4-hal/stm32f4xx_hal.o
 .debug_macro   0x0000faa5      0x30d ./system/src/stm32f4-hal/stm32f4xx_hal.o
 .debug_macro   0x0000fdb2       0xfd ./system/src/stm32f4-hal/stm32f4xx_hal.o
 .debug_macro   0x0000feaf       0x10 ./system/src/stm32f4-hal/stm32f4xx_hal.o
 .debug_macro   0x0000febf       0x52 ./system/src/stm32f4-hal/stm32f4xx_hal.o
 .debug_macro   0x0000ff11       0x16 ./system/src/stm32f4-hal/stm32f4xx_hal.o
 .debug_macro   0x0000ff27       0x43 ./system/src/stm32f4-hal/stm32f4xx_hal.o
 .debug_macro   0x0000ff6a      0x187 ./system/src/stm32f4-hal/stm32f4xx_hal.o
 .debug_macro   0x000100f1       0x22 ./system/src/stm32f4-hal/stm32f4xx_hal.o
 .debug_macro   0x00010113       0x3a ./system/src/stm32f4-hal/stm32f4xx_hal.o
 .debug_macro   0x0001014d       0x10 ./system/src/stm32f4-hal/stm32f4xx_hal.o
 .debug_macro   0x0001015d       0x40 ./system/src/stm32f4-hal/stm32f4xx_hal.o
 .debug_macro   0x0001019d       0x6c ./system/src/stm32f4-hal/stm32f4xx_hal.o
 .debug_macro   0x00010209       0x16 ./system/src/stm32f4-hal/stm32f4xx_hal.o
 .debug_macro   0x0001021f      0x182 ./system/src/stm32f4-hal/stm32f4xx_hal.o
 .debug_macro   0x000103a1       0x57 ./system/src/stm32f4-hal/stm32f4xx_hal.o
 .debug_macro   0x000103f8      0xc9e ./system/src/stm32f4-hal/stm32f4xx_hal.o
 .debug_macro   0x00011096      0x9da ./system/src/stm32f4-hal/stm32f4xx_hal.o
 .debug_macro   0x00011a70      0x11e ./system/src/stm32f4-hal/stm32f4xx_hal.o
 .debug_macro   0x00011b8e      0x161 ./system/src/stm32f4-hal/stm32f4xx_hal.o
 .debug_macro   0x00011cef       0x27 ./system/src/stm32f4-hal/stm32f4xx_hal.o
 .debug_macro   0x00011d16      0x272 ./system/src/stm32f4-hal/stm32f4xx_hal.o
 .debug_macro   0x00011f88       0x5f ./system/src/stm32f4-hal/stm32f4xx_hal.o
 .debug_macro   0x00011fe7      0x23a ./system/src/stm32f4-hal/stm32f4xx_hal.o
 .debug_macro   0x00012221      0x391 ./system/src/stm32f4-hal/stm32f4xx_hal.o
 .debug_macro   0x000125b2      0x176 ./system/src/stm32f4-hal/stm32f4xx_hal.o
 .debug_macro   0x00012728       0xf9 ./system/src/stm32f4-hal/stm32f4xx_hal.o
 .debug_macro   0x00012821      0x36e ./system/src/stm32f4-hal/stm32f4xx_hal.o
 .debug_macro   0x00012b8f       0x23 ./system/src/stm32f4-hal/stm32f4xx_hal.o
 .debug_macro   0x00012bb2      0x1e5 ./system/src/stm32f4-hal/stm32f4xx_hal.o
 .debug_macro   0x00012d97       0xe6 ./system/src/stm32f4-hal/stm32f4xx_hal.o
 .debug_macro   0x00012e7d       0xa1 ./system/src/stm32f4-hal/stm32f4xx_hal.o
 .debug_macro   0x00012f1e       0x3c ./system/src/stm32f4-hal/stm32f4xx_hal.o
 .debug_macro   0x00012f5a      0x1af ./system/src/stm32f4-hal/stm32f4xx_hal.o
 .debug_macro   0x00013109      0xcd6 ./system/src/stm32f4-hal/stm32f4xx_hal.o
 .debug_macro   0x00013ddf      0x13a ./system/src/stm32f4-hal/stm32f4xx_hal.o
 .debug_macro   0x00013f19      0x41d ./system/src/stm32f4-hal/stm32f4xx_hal.o
 .debug_macro   0x00014336       0x2e ./system/src/stm32f4-hal/stm32f4xx_hal.o
 .debug_macro   0x00014364      0x582 ./system/src/stm32f4-hal/stm32f4xx_hal.o
 .debug_macro   0x000148e6       0x88 ./system/src/stm32f4-hal/stm32f4xx_hal.o
 .debug_macro   0x0001496e       0xd5 ./system/src/stm32f4-hal/stm32f4xx_hal.o
 .debug_macro   0x00014a43      0x183 ./system/src/stm32f4-hal/stm32f4xx_hal.o
 .debug_macro   0x00014bc6       0x10 ./system/src/stm32f4-hal/stm32f4xx_hal.o
 .debug_macro   0x00014bd6      0x1a7 ./system/src/stm32f4-hal/stm32f4xx_hal.o
 .debug_macro   0x00014d7d       0x22 ./system/src/stm32f4-hal/stm32f4xx_hal.o
 .debug_macro   0x00014d9f       0xa5 ./system/src/stm32f4-hal/stm32f4xx_hal.o
 .debug_macro   0x00014e44      0x18b ./system/src/stm32f4-hal/stm32f4xx_hal.o
 .debug_macro   0x00014fcf       0x24 ./system/src/stm32f4-hal/stm32f4xx_hal.o
 .debug_macro   0x00014ff3       0x35 ./system/src/stm32f4-hal/stm32f4xx_hal.o
 .debug_macro   0x00015028       0x97 ./system/src/stm32f4-hal/stm32f4xx_hal.o
 .debug_macro   0x000150bf      0x175 ./system/src/stm32f4-hal/stm32f4xx_hal.o
 .debug_macro   0x00015234       0xcf ./system/src/stm32f4-hal/stm32f4xx_hal.o
 .debug_macro   0x00015303      0x11e ./system/src/stm32f4-hal/stm32f4xx_hal.o
 .debug_macro   0x00015421       0xe2 ./system/src/stm32f4-hal/stm32f4xx_hal.o
 .debug_macro   0x00015503       0x89 ./system/src/stm32f4-hal/stm32f4xx_hal.o
 .debug_macro   0x0001558c       0x7e ./system/src/stm32f4-hal/stm32f4xx_hal.o
 .debug_macro   0x0001560a      0x31a ./system/src/stm32f4-hal/stm32f4xx_hal.o
 .debug_macro   0x00015924      0x409 ./system/src/stm32f4-hal/stm32f4xx_hal.o
 .debug_macro   0x00015d2d       0xe4 ./system/src/stm32f4-hal/stm32f4xx_hal.o
 .debug_macro   0x00015e11      0x398 ./system/src/stm32f4-hal/stm32f4xx_hal.o
 .debug_macro   0x000161a9       0xd6 ./system/src/stm32f4-hal/stm32f4xx_hal.o
 .debug_macro   0x0001627f      0x48d ./system/src/stm32f4-hal/stm32f4xx_hal.o
 .debug_macro   0x0001670c      0x22b ./system/src/stm32f4-hal/stm32f4xx_hal.o
 .debug_macro   0x00016937      0x202 ./system/src/stm32f4-hal/stm32f4xx_hal.o
 .debug_macro   0x00016b39      0x6d9 ./system/src/stm32f4-hal/stm32f4xx_hal.o
 .debug_macro   0x00017212       0x5b ./system/src/stm32f4-hal/stm32f4xx_hal.o
 .debug_macro   0x0001726d      0x14d ./system/src/stm32f4-hal/stm32f4xx_hal.o
 .debug_macro   0x000173ba      0x287 ./system/src/stm32f4-hal/stm32f4xx_hal.o
 .debug_macro   0x00017641      0x225 ./system/src/stm32f4-hal/stm32f4xx_hal.o
 .debug_macro   0x00017866      0x1b5 ./system/src/stm32f4-hal/stm32f4xx_hal.o
 .debug_macro   0x00017a1b      0x2db ./system/src/stm32f4-hal/stm32f4xx_hal.o
 .debug_macro   0x00017cf6       0x94 ./system/src/stm32f4-hal/stm32f4xx_hal.o
 .debug_macro   0x00017d8a      0x1df ./system/src/stm32f4-hal/stm32f4xx_hal.o
 .debug_macro   0x00017f69      0x115 ./system/src/stm32f4-hal/stm32f4xx_hal.o
 .debug_macro   0x0001807e       0x6e ./system/src/stm32f4-hal/stm32f4xx_hal.o
 .debug_macro   0x000180ec      0x12c ./system/src/stm32f4-hal/stm32f4xx_hal.o
 .debug_macro   0x00018218      0x4f8 ./system/src/stm32f4-hal/stm32f4xx_hal_cortex.o
 .debug_macro   0x00018710      0x530 ./system/src/stm32f4-hal/stm32f4xx_hal_gpio.o
 .debug_macro   0x00018c40      0x522 ./system/src/stm32f4-hal/stm32f4xx_hal_rcc.o
 .debug_macro   0x00019162      0x4f8 ./system/src/stm32f4-hal/stm32f4xx_hal_sdram.o
 .debug_macro   0x0001965a      0x4f9 ./system/src/stm32f4-hal/stm32f4xx_hal_uart.o
 .debug_macro   0x00019b53      0x4f8 ./system/src/stm32f4-hal/stm32f4xx_ll_fmc.o
 .debug_macro   0x0001a04b      0x182 ./system/src/newlib/_exit.o
 .debug_macro   0x0001a1cd      0x10e ./system/src/newlib/_exit.o
 .debug_macro   0x0001a2db       0x8d ./system/src/newlib/_exit.o
 .debug_macro   0x0001a368       0x35 ./system/src/newlib/_exit.o
 .debug_macro   0x0001a39d      0x137 ./system/src/newlib/_sbrk.o
 .debug_macro   0x0001a4d4      0x174 ./system/src/newlib/_sbrk.o
 .debug_macro   0x0001a648       0x10 ./system/src/newlib/_sbrk.o
 .debug_macro   0x0001a658      0x23b ./system/src/newlib/_sbrk.o
 .debug_macro   0x0001a893      0x156 ./system/src/newlib/_startup.o
 .debug_macro   0x0001a9e9      0x89e ./system/src/newlib/_startup.o
 .debug_macro   0x0001b287      0x1d6 ./system/src/newlib/_syscalls.o
 .debug_macro   0x0001b45d       0x1c ./system/src/newlib/_syscalls.o
 .debug_macro   0x0001b479       0x10 ./system/src/newlib/_syscalls.o
 .debug_macro   0x0001b489       0x10 ./system/src/newlib/_syscalls.o
 .debug_macro   0x0001b499       0x10 ./system/src/newlib/_syscalls.o
 .debug_macro   0x0001b4a9       0x35 ./system/src/newlib/_syscalls.o
 .debug_macro   0x0001b4de      0x122 ./system/src/newlib/_syscalls.o
 .debug_macro   0x0001b600       0x88 ./system/src/newlib/_syscalls.o
 .debug_macro   0x0001b688       0x2b ./system/src/newlib/_syscalls.o
 .debug_macro   0x0001b6b3      0x118 ./system/src/newlib/_syscalls.o
 .debug_macro   0x0001b7cb      0x159 ./system/src/newlib/_syscalls.o
 .debug_macro   0x0001b924       0x16 ./system/src/newlib/_syscalls.o
 .debug_macro   0x0001b93a      0x1ad ./system/src/newlib/assert.o
 .debug_macro   0x0001bae7       0x1c ./system/src/newlib/assert.o
 .debug_macro   0x0001bb03      0x1af ./system/src/diag/Trace.o
 .debug_macro   0x0001bcb2       0x52 ./system/src/diag/Trace.o
 .debug_macro   0x0001bd04       0x16 ./system/src/diag/Trace.o
 .debug_macro   0x0001bd1a      0x533 ./system/src/diag/trace_impl.o
 .debug_macro   0x0001c24d      0x502 ./system/src/cortexm/_initialize_hardware.o
 .debug_macro   0x0001c74f      0x557 ./system/src/cortexm/exception_handlers.o
 .debug_macro   0x0001cca6       0x3b ./system/src/cortexm/exception_handlers.o
 .debug_macro   0x0001cce1       0x22 ./system/src/cortexm/exception_handlers.o
 .debug_macro   0x0001cd03      0x4fe ./system/src/cmsis/system_stm32f4xx.o
 .debug_macro   0x0001d201       0x73 ./system/src/cmsis/vectors_stm32f429xx.o
 .debug_macro   0x0001d274      0x4f8 ./src/_initialize_hardware.o
 .debug_macro   0x0001d76c      0x51c ./src/main.o
 .debug_macro   0x0001dc88      0x265 ./src/main.o
 .debug_macro   0x0001deed       0xb2 ./src/main.o
 .debug_macro   0x0001df9f      0x525 ./src/stm32f429i_discovery.o
 .debug_macro   0x0001e4c4      0x25f ./src/stm32f429i_discovery.o
 .debug_macro   0x0001e723      0x510 ./src/stm32f4xx_hal_msp.o
 .debug_macro   0x0001ec33      0x51a ./src/stm32f4xx_it.o
